[0m[[0m[0mdebug[0m] [0m[0m> Exec(console, Some(185e92ae-0107-47ab-8550-e5ebe8f3355f), Some(CommandSource(console0)))[0m
[0m[[0m[0mdebug[0m] [0m[0mEvaluating tasks: Compile / console[0m
[0m[[0m[0mdebug[0m] [0m[0mRunning task... Cancel: Signal, check cycles: false, forcegc: true[0m
[0m[[0m[0minfo[0m] [0m[0mcompiling 1 Scala source to /localhome/usrlocal-amd64-linux/scala/src/org.sanzo/potts/target/scala-3.0.2/classes ...[0m
[0m[[0m[33mwarn[0m] [0m[0m[33m-- Warning: /localhome/usrlocal-amd64-linux/scala/src/org.sanzo/potts/src/main/scala-3/BM.scala:308:0 [0m[0m
[0m[[0m[33mwarn[0m] [0m[0m[33m308 |[0m		cfor([31m0[0m)([36mia[0m => ia < nStatesOfUnit, [36mia[0m => ia + [31m1[0m)( [36mia[0m => {[0m
[0m[[0m[33mwarn[0m] [0m[0m    |		[33m^[0m[0m
[0m[[0m[33mwarn[0m] [0m[0m    |Scala 2 macro cannot be used in Dotty, this call will crash at runtime. See https://dotty.epfl.ch/docs/reference/dropped-features/macros.html[0m
[0m[[0m[33mwarn[0m] [0m[0m[33m-- Warning: /localhome/usrlocal-amd64-linux/scala/src/org.sanzo/potts/src/main/scala-3/BM.scala:307:0 [0m[0m
[0m[[0m[33mwarn[0m] [0m[0m[33m307 |[0m	cfor([31m0[0m)([36mi[0m => i < nUnits, [36mi[0m => i + [31m1[0m)( [36mi[0m => {[0m
[0m[[0m[33mwarn[0m] [0m[0m    |	[33m^[0m[0m
[0m[[0m[33mwarn[0m] [0m[0m    |Scala 2 macro cannot be used in Dotty, this call will crash at runtime. See https://dotty.epfl.ch/docs/reference/dropped-features/macros.html[0m
[0m[[0m[33mwarn[0m] [0m[0m[33m-- Warning: /localhome/usrlocal-amd64-linux/scala/src/org.sanzo/potts/src/main/scala-3/BM.scala:355:0 [0m[0m
[0m[[0m[33mwarn[0m] [0m[0m[33m355 |[0m		cfor([31m0[0m)([36mjb[0m => jb < nStatesOfUnit, [36mjb[0m => jb + [31m1[0m)( [36mjb[0m => {[0m
[0m[[0m[33mwarn[0m] [0m[0m    |		[33m^[0m[0m
[0m[[0m[33mwarn[0m] [0m[0m    |Scala 2 macro cannot be used in Dotty, this call will crash at runtime. See https://dotty.epfl.ch/docs/reference/dropped-features/macros.html[0m
[0m[[0m[33mwarn[0m] [0m[0m[33m-- Warning: /localhome/usrlocal-amd64-linux/scala/src/org.sanzo/potts/src/main/scala-3/BM.scala:354:0 [0m[0m
[0m[[0m[33mwarn[0m] [0m[0m[33m354 |[0m		cfor([31m0[0m)([36mia[0m => ia < nStatesOfUnit, [36mia[0m => ia + [31m1[0m)( [36mia[0m => {[0m
[0m[[0m[33mwarn[0m] [0m[0m    |		[33m^[0m[0m
[0m[[0m[33mwarn[0m] [0m[0m    |Scala 2 macro cannot be used in Dotty, this call will crash at runtime. See https://dotty.epfl.ch/docs/reference/dropped-features/macros.html[0m
[0m[[0m[33mwarn[0m] [0m[0m[33m-- Warning: /localhome/usrlocal-amd64-linux/scala/src/org.sanzo/potts/src/main/scala-3/BM.scala:353:2 [0m[0m
[0m[[0m[33mwarn[0m] [0m[0m[33m353 |[0m	  cfor(i + [31m1[0m)([36mj[0m => j < nUnits, [36mj[0m => j + [31m1[0m)( [36mj[0m => {[0m
[0m[[0m[33mwarn[0m] [0m[0m    |	  [33m^[0m[0m
[0m[[0m[33mwarn[0m] [0m[0m    |Scala 2 macro cannot be used in Dotty, this call will crash at runtime. See https://dotty.epfl.ch/docs/reference/dropped-features/macros.html[0m
[0m[[0m[33mwarn[0m] [0m[0m[33m-- Warning: /localhome/usrlocal-amd64-linux/scala/src/org.sanzo/potts/src/main/scala-3/BM.scala:352:0 [0m[0m
[0m[[0m[33mwarn[0m] [0m[0m[33m352 |[0m	cfor([31m0[0m)([36mi[0m => i < nUnits, [36mi[0m => i + [31m1[0m)( [36mi[0m => {[0m
[0m[[0m[33mwarn[0m] [0m[0m    |	[33m^[0m[0m
[0m[[0m[33mwarn[0m] [0m[0m    |Scala 2 macro cannot be used in Dotty, this call will crash at runtime. See https://dotty.epfl.ch/docs/reference/dropped-features/macros.html[0m
[0m[[0m[33mwarn[0m] [0m[0m[33m-- Warning: /localhome/usrlocal-amd64-linux/scala/src/org.sanzo/potts/src/main/scala-3/BM.scala:443:0 [0m[0m
[0m[[0m[33mwarn[0m] [0m[0m[33m443 |[0m				cfor([31m0[0m)([36mk[0m => k < nUnits, [36mk[0m => k + [31m1[0m)( [36mk[0m => {[0m
[0m[[0m[33mwarn[0m] [0m[0m    |				[33m^[0m[0m
[0m[[0m[33mwarn[0m] [0m[0m    |Scala 2 macro cannot be used in Dotty, this call will crash at runtime. See https://dotty.epfl.ch/docs/reference/dropped-features/macros.html[0m
[0m[[0m[33mwarn[0m] [0m[0m[33m-- Warning: /localhome/usrlocal-amd64-linux/scala/src/org.sanzo/potts/src/main/scala-3/BM.scala:438:0 [0m[0m
[0m[[0m[33mwarn[0m] [0m[0m[33m438 |[0m			cfor([31m0[0m)([36mj[0m => j < nSamples, [36mj[0m => j + [31m1[0m)( [36mj[0m => {[0m
[0m[[0m[33mwarn[0m] [0m[0m    |			[33m^[0m[0m
[0m[[0m[33mwarn[0m] [0m[0m    |Scala 2 macro cannot be used in Dotty, this call will crash at runtime. See https://dotty.epfl.ch/docs/reference/dropped-features/macros.html[0m
[0m[[0m[33mwarn[0m] [0m[0m[33m-- Warning: /localhome/usrlocal-amd64-linux/scala/src/org.sanzo/potts/src/main/scala-3/BM.scala:435:0 [0m[0m
[0m[[0m[33mwarn[0m] [0m[0m[33m435 |[0m		cfor([31m0[0m)([36mi[0m => i < nSamplings, [36mi[0m => i + [31m1[0m)( [36mi[0m => {[0m
[0m[[0m[33mwarn[0m] [0m[0m    |		[33m^[0m[0m
[0m[[0m[33mwarn[0m] [0m[0m    |Scala 2 macro cannot be used in Dotty, this call will crash at runtime. See https://dotty.epfl.ch/docs/reference/dropped-features/macros.html[0m
[0m[[0m[33mwarn[0m] [0m[0m[33m-- Warning: /localhome/usrlocal-amd64-linux/scala/src/org.sanzo/potts/src/main/scala-3/BM.scala:452:0 [0m[0m
[0m[[0m[33mwarn[0m] [0m[0m[33m452 |[0m			cfor([31m0[0m)([36mj[0m => j < nSamples, [36mj[0m => j + [31m1[0m)( [36mj[0m => {[0m
[0m[[0m[33mwarn[0m] [0m[0m    |			[33m^[0m[0m
[0m[[0m[33mwarn[0m] [0m[0m    |Scala 2 macro cannot be used in Dotty, this call will crash at runtime. See https://dotty.epfl.ch/docs/reference/dropped-features/macros.html[0m
[0m[[0m[33mwarn[0m] [0m[0m[33m-- Warning: /localhome/usrlocal-amd64-linux/scala/src/org.sanzo/potts/src/main/scala-3/BM.scala:450:0 [0m[0m
[0m[[0m[33mwarn[0m] [0m[0m[33m450 |[0m		cfor([31m0[0m)([36mi[0m => i < nSamplings, [36mi[0m => i + [31m1[0m)( [36mi[0m => {[0m
[0m[[0m[33mwarn[0m] [0m[0m    |		[33m^[0m[0m
[0m[[0m[33mwarn[0m] [0m[0m    |Scala 2 macro cannot be used in Dotty, this call will crash at runtime. See https://dotty.epfl.ch/docs/reference/dropped-features/macros.html[0m
[0m[[0m[33mwarn[0m] [0m[0m[33m-- Warning: /localhome/usrlocal-amd64-linux/scala/src/org.sanzo/potts/src/main/scala-3/BM.scala:1025:0 [0m[0m
[0m[[0m[33mwarn[0m] [0m[0m[33m1025 |[0m			cfor([31m0[0m)([36mj[0m => j < i, [36mj[0m => j + [31m1[0m)( [36mj[0m => {[0m
[0m[[0m[33mwarn[0m] [0m[0m     |			[33m^[0m[0m
[0m[[0m[33mwarn[0m] [0m[0m     |Scala 2 macro cannot be used in Dotty, this call will crash at runtime. See https://dotty.epfl.ch/docs/reference/dropped-features/macros.html[0m
[0m[[0m[33mwarn[0m] [0m[0m[33m-- Warning: /localhome/usrlocal-amd64-linux/scala/src/org.sanzo/potts/src/main/scala-3/BM.scala:1024:0 [0m[0m
[0m[[0m[33mwarn[0m] [0m[0m[33m1024 |[0m		cfor([31m0[0m)([36mi[0m => i < nUnits, [36mi[0m => i + [31m1[0m)( [36mi[0m => {[0m
[0m[[0m[33mwarn[0m] [0m[0m     |		[33m^[0m[0m
[0m[[0m[33mwarn[0m] [0m[0m     |Scala 2 macro cannot be used in Dotty, this call will crash at runtime. See https://dotty.epfl.ch/docs/reference/dropped-features/macros.html[0m
[0m[[0m[31merror[0m] [0m[0m[31m-- [E006] Not Found Error: /localhome/usrlocal-amd64-linux/scala/src/org.sanzo/potts/src/main/scala-3/BM.scala:1502:22 [0m[0m
[0m[[0m[31merror[0m] [0m[0m[31m1502 |[0m				[33mval[0m [36mx[0m = Jijab(ij)(::, *) - fullJija_(i)(j)[0m
[0m[[0m[31merror[0m] [0m[0m     |				                      [31m^[0m[0m
[0m[[0m[31merror[0m] [0m[0m     |				                      Not found: *[0m
[0m[[0m[31merror[0m] [0m[0m[34mExplanation[0m[0m
[0m[[0m[31merror[0m] [0m[0m[34m===========[0m[0m
[0m[[0m[31merror[0m] [0m[0mThe identifier for `*` is not bound, that is,[0m
[0m[[0m[31merror[0m] [0m[0mno declaration for this identifier can be found.[0m
[0m[[0m[31merror[0m] [0m[0mThat can happen, for example, if `*` or its declaration has either been[0m
[0m[[0m[31merror[0m] [0m[0mmisspelt or if an import is missing.[0m
[0m[[0m[31merror[0m] [0m[0m[31m-- Error: /localhome/usrlocal-amd64-linux/scala/src/org.sanzo/potts/src/main/scala-3/BM.scala:1502:24 [0m[0m
[0m[[0m[31merror[0m] [0m[0m[31m1502 |[0m				[33mval[0m [36mx[0m = Jijab(ij)(::, *) - fullJija_(i)(j)[0m
[0m[[0m[31merror[0m] [0m[0m     |				                        [31m^[0m[0m
[0m[[0m[31merror[0m] [0m[0m     |ambiguous implicit arguments: both [33mmethod[0m [35mcanSliceCols[0m in [33mtrait[0m [35mDenseMatrix_SlicingOps[0m and [33mmethod[0m [35mcanSliceCol[0m in [33mtrait[0m [35mDenseMatrix_SlicingOps[0m match type breeze.linalg.support.CanSlice2[breeze.linalg.DenseMatrix[Double], [0m
[0m[[0m[31merror[0m] [0m[0m     |  scala.collection.immutable.::.type[0m
[0m[[0m[31merror[0m] [0m[0m     |, Slice2, Result] of parameter canSlice of [33mmethod[0m [35mapply[0m in [33mtrait[0m [35mTensorLike[0m[0m
[0m[[0m[33mwarn[0m] [0m[0mCanceling execution...[0m
[0m[[0m[33mwarn[0m] [0m[0m[33m-- Warning: /localhome/usrlocal-amd64-linux/scala/src/org.sanzo/potts/src/main/scala-3/BM.scala:2175:2 [0m[0m
[0m[[0m[33mwarn[0m] [0m[0m[33m2175 |[0m		  cfor([31m0[0m)( [36mj[0m => j < i, [36mj[0m => j + [31m1[0m)( [36mj[0m => {[0m
[0m[[0m[33mwarn[0m] [0m[0m     |		  [33m^[0m[0m
[0m[[0m[33mwarn[0m] [0m[0m     |Scala 2 macro cannot be used in Dotty, this call will crash at runtime. See https://dotty.epfl.ch/docs/reference/dropped-features/macros.html[0m
[0m[[0m[33mwarn[0m] [0m[0m[33m-- Warning: /localhome/usrlocal-amd64-linux/scala/src/org.sanzo/potts/src/main/scala-3/BM.scala:2174:0 [0m[0m
[0m[[0m[33mwarn[0m] [0m[0m[33m2174 |[0m		cfor([31m0[0m)( [36mi[0m => i < nUnits, [36mi[0m => i + [31m1[0m)( [36mi[0m => {[0m
[0m[[0m[33mwarn[0m] [0m[0m     |		[33m^[0m[0m
[0m[[0m[33mwarn[0m] [0m[0m     |Scala 2 macro cannot be used in Dotty, this call will crash at runtime. See https://dotty.epfl.ch/docs/reference/dropped-features/macros.html[0m
[0m[[0m[33mwarn[0m] [0m[0m[33m-- Warning: /localhome/usrlocal-amd64-linux/scala/src/org.sanzo/potts/src/main/scala-3/BM.scala:2273:2 [0m[0m
[0m[[0m[33mwarn[0m] [0m[0m[33m2273 |[0m		  cfor([31m0[0m)( [36mj[0m => j < i, [36mj[0m => j + [31m1[0m)( [36mj[0m => {[0m
[0m[[0m[33mwarn[0m] [0m[0m     |		  [33m^[0m[0m
[0m[[0m[33mwarn[0m] [0m[0m     |Scala 2 macro cannot be used in Dotty, this call will crash at runtime. See https://dotty.epfl.ch/docs/reference/dropped-features/macros.html[0m
[0m[[0m[33mwarn[0m] [0m[0m[33m-- Warning: /localhome/usrlocal-amd64-linux/scala/src/org.sanzo/potts/src/main/scala-3/BM.scala:2272:0 [0m[0m
[0m[[0m[33mwarn[0m] [0m[0m[33m2272 |[0m		cfor([31m0[0m)( [36mi[0m => i < nUnits, [36mi[0m => i + [31m1[0m)( [36mi[0m => {[0m
[0m[[0m[33mwarn[0m] [0m[0m     |		[33m^[0m[0m
[0m[[0m[33mwarn[0m] [0m[0m     |Scala 2 macro cannot be used in Dotty, this call will crash at runtime. See https://dotty.epfl.ch/docs/reference/dropped-features/macros.html[0m
[0m[[0m[33mwarn[0m] [0m[0m[33m-- Warning: /localhome/usrlocal-amd64-linux/scala/src/org.sanzo/potts/src/main/scala-3/BM.scala:2342:2 [0m[0m
[0m[[0m[33mwarn[0m] [0m[0m[33m2342 |[0m		  cfor([31m0[0m)( [36mj[0m => j < i, [36mj[0m => j + [31m1[0m)( [36mj[0m => {[0m
[0m[[0m[33mwarn[0m] [0m[0m     |		  [33m^[0m[0m
[0m[[0m[33mwarn[0m] [0m[0m     |Scala 2 macro cannot be used in Dotty, this call will crash at runtime. See https://dotty.epfl.ch/docs/reference/dropped-features/macros.html[0m
[0m[[0m[33mwarn[0m] [0m[0m[33m-- Warning: /localhome/usrlocal-amd64-linux/scala/src/org.sanzo/potts/src/main/scala-3/BM.scala:2341:0 [0m[0m
[0m[[0m[33mwarn[0m] [0m[0m[33m2341 |[0m		cfor([31m0[0m)( [36mi[0m => i < nUnits, [36mi[0m => i + [31m1[0m)( [36mi[0m => {[0m
[0m[[0m[33mwarn[0m] [0m[0m     |		[33m^[0m[0m
[0m[[0m[33mwarn[0m] [0m[0m     |Scala 2 macro cannot be used in Dotty, this call will crash at runtime. See https://dotty.epfl.ch/docs/reference/dropped-features/macros.html[0m
[0m[[0m[33mwarn[0m] [0m[0m[33m-- Warning: /localhome/usrlocal-amd64-linux/scala/src/org.sanzo/potts/src/main/scala-3/BM.scala:2402:2 [0m[0m
[0m[[0m[33mwarn[0m] [0m[0m[33m2402 |[0m		  cfor([31m0[0m)( [36mj[0m => j < i, [36mj[0m => j + [31m1[0m)( [36mj[0m => {[0m
[0m[[0m[33mwarn[0m] [0m[0m     |		  [33m^[0m[0m
[0m[[0m[33mwarn[0m] [0m[0m     |Scala 2 macro cannot be used in Dotty, this call will crash at runtime. See https://dotty.epfl.ch/docs/reference/dropped-features/macros.html[0m
[0m[[0m[33mwarn[0m] [0m[0m[33m-- Warning: /localhome/usrlocal-amd64-linux/scala/src/org.sanzo/potts/src/main/scala-3/BM.scala:2401:0 [0m[0m
[0m[[0m[33mwarn[0m] [0m[0m[33m2401 |[0m		cfor([31m0[0m)( [36mi[0m => i < nUnits, [36mi[0m => i + [31m1[0m)( [36mi[0m => {[0m
[0m[[0m[33mwarn[0m] [0m[0m     |		[33m^[0m[0m
[0m[[0m[33mwarn[0m] [0m[0m     |Scala 2 macro cannot be used in Dotty, this call will crash at runtime. See https://dotty.epfl.ch/docs/reference/dropped-features/macros.html[0m
[0m[[0m[33mwarn[0m] [0m[0mCanceling execution...[0m
[0m[[0m[33mwarn[0m] [0m[0mCanceling execution...[0m
[0m[[0m[33mwarn[0m] [0m[0mCanceling execution...[0m
[0m[[0m[33mwarn[0m] [0m[0mCanceling execution...[0m
[0m[[0m[33mwarn[0m] [0m[0mCanceling execution...[0m
[0m[[0m[33mwarn[0m] [0m[0mCanceling execution...[0m
[0m[[0m[33mwarn[0m] [0m[0m[33m-- Warning: /localhome/usrlocal-amd64-linux/scala/src/org.sanzo/potts/src/main/scala-3/BM.scala:4110:2 [0m[0m
[0m[[0m[33mwarn[0m] [0m[0m[33m4110 |[0m		  cfor([31m0[0m)( [36mj[0m => j < i, [36mj[0m => j + [31m1[0m)( [36mj[0m => {[0m
[0m[[0m[33mwarn[0m] [0m[0m     |		  [33m^[0m[0m
[0m[[0m[33mwarn[0m] [0m[0m     |Scala 2 macro cannot be used in Dotty, this call will crash at runtime. See https://dotty.epfl.ch/docs/reference/dropped-features/macros.html[0m
[0m[[0m[33mwarn[0m] [0m[0m[33m-- Warning: /localhome/usrlocal-amd64-linux/scala/src/org.sanzo/potts/src/main/scala-3/BM.scala:4109:0 [0m[0m
[0m[[0m[33mwarn[0m] [0m[0m[33m4109 |[0m		cfor([31m0[0m)( [36mi[0m => i < pia.size, [36mi[0m => i + [31m1[0m)( [36mi[0m => {[0m
[0m[[0m[33mwarn[0m] [0m[0m     |		[33m^[0m[0m
[0m[[0m[33mwarn[0m] [0m[0m     |Scala 2 macro cannot be used in Dotty, this call will crash at runtime. See https://dotty.epfl.ch/docs/reference/dropped-features/macros.html[0m
[0m[[0m[33mwarn[0m] [0m[0m23 warnings found[0m
[0m[[0m[31merror[0m] [0m[0mtwo errors found[0m
[0m[[0m[33mwarn[0m] [0m[0m23 warnings found[0m
[0m[[0m[31merror[0m] [0m[0mtwo errors found[0m
[0m[[0m[33mwarn[0m] [0m[0mCanceling execution...[0m
[0m[[0m[33mwarn[0m] [0m[0mCanceling execution...[0m
[0m[[0m[33mwarn[0m] [0m[0mCanceling execution...[0m
[0m[[0m[33mwarn[0m] [0m[0mCanceling execution...[0m
[0m[[0m[31merror[0m] [0m[0mCancelled: console[0m
[0m[[0m[0minfo[0m] [0m[0mshutting down sbt server[0m
[0m[[0m[31merror[0m] [0m[0mCancelled: console[0m
[0m[[0m[31merror[0m] [0m[0mUse 'last' for the full log.[0m
[0m[[0m[0mdebug[0m] [0m[0m> Exec(shell, None, None)[0m
