[0m[[0m[0mdebug[0m] [0m[0m> Exec(console, Some(9285e94c-02e4-4ad8-b180-b5697a191b40), Some(CommandSource(console0)))[0m
[0m[[0m[0mdebug[0m] [0m[0mEvaluating tasks: Compile / console[0m
[0m[[0m[0mdebug[0m] [0m[0mRunning task... Cancel: Signal, check cycles: false, forcegc: true[0m
[0m[[0m[0minfo[0m] [0m[0mcompiling 1 Scala source to /localhome/usrlocal-amd64-linux/scala/src/org.sanzo/potts/target/scala-3.0.2/classes ...[0m
[0m[[0m[31merror[0m] [0m[0m[31m-- [E008] Not Found Error: /localhome/usrlocal-amd64-linux/scala/src/org.sanzo/potts/src/main/scala-3/BM.scala:135:51 [0m[0m
[0m[[0m[31merror[0m] [0m[0m[31m135 |[0m	    [33mval[0m (nUnitsString, nStatesOfUnitString) = line mach {[0m
[0m[[0m[31merror[0m] [0m[0m    |	                                              [31m^^^^^^^^^[0m[0m
[0m[[0m[31merror[0m] [0m[0m    |     value mach is not a member of String - did you mean line.matches?[0m
[0m[[0m[31merror[0m] [0m[0m[31m-- [E045] Cyclic Error: /localhome/usrlocal-amd64-linux/scala/src/org.sanzo/potts/src/main/scala-3/BM.scala:135:4 [0m[0m
[0m[[0m[31merror[0m] [0m[0m[31m135 |[0m	    [33mval[0m (nUnitsString, nStatesOfUnitString) = line mach {[0m
[0m[[0m[31merror[0m] [0m[0m    |	    [31m^[0m[0m
[0m[[0m[31merror[0m] [0m[0m    |	    Recursive [33mvalue[0m [35m$4$[0m needs type[0m
[0m[[0m[31merror[0m] [0m[0m[34mExplanation[0m[0m
[0m[[0m[31merror[0m] [0m[0m[34m===========[0m[0m
[0m[[0m[31merror[0m] [0m[0mThe definition of [33mvalue[0m [35m$4$[0m is recursive and you need to specify its type.[0m
[0m[[0m[33mwarn[0m] [0m[0m[33m-- Warning: /localhome/usrlocal-amd64-linux/scala/src/org.sanzo/potts/src/main/scala-3/BM.scala:322:0 [0m[0m
[0m[[0m[33mwarn[0m] [0m[0m[33m322 |[0m		cfor([31m0[0m)([36mia[0m => ia < nStatesOfUnit, [36mia[0m => ia + [31m1[0m)( [36mia[0m => {[0m
[0m[[0m[33mwarn[0m] [0m[0m    |		[33m^[0m[0m
[0m[[0m[33mwarn[0m] [0m[0m    |Scala 2 macro cannot be used in Dotty, this call will crash at runtime. See https://dotty.epfl.ch/docs/reference/dropped-features/macros.html[0m
[0m[[0m[33mwarn[0m] [0m[0m[33m-- Warning: /localhome/usrlocal-amd64-linux/scala/src/org.sanzo/potts/src/main/scala-3/BM.scala:321:0 [0m[0m
[0m[[0m[33mwarn[0m] [0m[0m[33m321 |[0m	cfor([31m0[0m)([36mi[0m => i < nUnits, [36mi[0m => i + [31m1[0m)( [36mi[0m => {[0m
[0m[[0m[33mwarn[0m] [0m[0m    |	[33m^[0m[0m
[0m[[0m[33mwarn[0m] [0m[0m    |Scala 2 macro cannot be used in Dotty, this call will crash at runtime. See https://dotty.epfl.ch/docs/reference/dropped-features/macros.html[0m
[0m[[0m[33mwarn[0m] [0m[0m[33m-- Warning: /localhome/usrlocal-amd64-linux/scala/src/org.sanzo/potts/src/main/scala-3/BM.scala:369:0 [0m[0m
[0m[[0m[33mwarn[0m] [0m[0m[33m369 |[0m		cfor([31m0[0m)([36mjb[0m => jb < nStatesOfUnit, [36mjb[0m => jb + [31m1[0m)( [36mjb[0m => {[0m
[0m[[0m[33mwarn[0m] [0m[0m    |		[33m^[0m[0m
[0m[[0m[33mwarn[0m] [0m[0m    |Scala 2 macro cannot be used in Dotty, this call will crash at runtime. See https://dotty.epfl.ch/docs/reference/dropped-features/macros.html[0m
[0m[[0m[33mwarn[0m] [0m[0m[33m-- Warning: /localhome/usrlocal-amd64-linux/scala/src/org.sanzo/potts/src/main/scala-3/BM.scala:368:0 [0m[0m
[0m[[0m[33mwarn[0m] [0m[0m[33m368 |[0m		cfor([31m0[0m)([36mia[0m => ia < nStatesOfUnit, [36mia[0m => ia + [31m1[0m)( [36mia[0m => {[0m
[0m[[0m[33mwarn[0m] [0m[0m    |		[33m^[0m[0m
[0m[[0m[33mwarn[0m] [0m[0m    |Scala 2 macro cannot be used in Dotty, this call will crash at runtime. See https://dotty.epfl.ch/docs/reference/dropped-features/macros.html[0m
[0m[[0m[33mwarn[0m] [0m[0m[33m-- Warning: /localhome/usrlocal-amd64-linux/scala/src/org.sanzo/potts/src/main/scala-3/BM.scala:367:2 [0m[0m
[0m[[0m[33mwarn[0m] [0m[0m[33m367 |[0m	  cfor(i + [31m1[0m)([36mj[0m => j < nUnits, [36mj[0m => j + [31m1[0m)( [36mj[0m => {[0m
[0m[[0m[33mwarn[0m] [0m[0m    |	  [33m^[0m[0m
[0m[[0m[33mwarn[0m] [0m[0m    |Scala 2 macro cannot be used in Dotty, this call will crash at runtime. See https://dotty.epfl.ch/docs/reference/dropped-features/macros.html[0m
[0m[[0m[33mwarn[0m] [0m[0m[33m-- Warning: /localhome/usrlocal-amd64-linux/scala/src/org.sanzo/potts/src/main/scala-3/BM.scala:366:0 [0m[0m
[0m[[0m[33mwarn[0m] [0m[0m[33m366 |[0m	cfor([31m0[0m)([36mi[0m => i < nUnits, [36mi[0m => i + [31m1[0m)( [36mi[0m => {[0m
[0m[[0m[33mwarn[0m] [0m[0m    |	[33m^[0m[0m
[0m[[0m[33mwarn[0m] [0m[0m    |Scala 2 macro cannot be used in Dotty, this call will crash at runtime. See https://dotty.epfl.ch/docs/reference/dropped-features/macros.html[0m
[0m[[0m[33mwarn[0m] [0m[0m[33m-- Warning: /localhome/usrlocal-amd64-linux/scala/src/org.sanzo/potts/src/main/scala-3/BM.scala:457:0 [0m[0m
[0m[[0m[33mwarn[0m] [0m[0m[33m457 |[0m				cfor([31m0[0m)([36mk[0m => k < nUnits, [36mk[0m => k + [31m1[0m)( [36mk[0m => {[0m
[0m[[0m[33mwarn[0m] [0m[0m    |				[33m^[0m[0m
[0m[[0m[33mwarn[0m] [0m[0m    |Scala 2 macro cannot be used in Dotty, this call will crash at runtime. See https://dotty.epfl.ch/docs/reference/dropped-features/macros.html[0m
[0m[[0m[33mwarn[0m] [0m[0m[33m-- Warning: /localhome/usrlocal-amd64-linux/scala/src/org.sanzo/potts/src/main/scala-3/BM.scala:452:0 [0m[0m
[0m[[0m[33mwarn[0m] [0m[0m[33m452 |[0m			cfor([31m0[0m)([36mj[0m => j < nSamples, [36mj[0m => j + [31m1[0m)( [36mj[0m => {[0m
[0m[[0m[33mwarn[0m] [0m[0m    |			[33m^[0m[0m
[0m[[0m[33mwarn[0m] [0m[0m    |Scala 2 macro cannot be used in Dotty, this call will crash at runtime. See https://dotty.epfl.ch/docs/reference/dropped-features/macros.html[0m
[0m[[0m[33mwarn[0m] [0m[0m[33m-- Warning: /localhome/usrlocal-amd64-linux/scala/src/org.sanzo/potts/src/main/scala-3/BM.scala:449:0 [0m[0m
[0m[[0m[33mwarn[0m] [0m[0m[33m449 |[0m		cfor([31m0[0m)([36mi[0m => i < nSamplings, [36mi[0m => i + [31m1[0m)( [36mi[0m => {[0m
[0m[[0m[33mwarn[0m] [0m[0m    |		[33m^[0m[0m
[0m[[0m[33mwarn[0m] [0m[0m    |Scala 2 macro cannot be used in Dotty, this call will crash at runtime. See https://dotty.epfl.ch/docs/reference/dropped-features/macros.html[0m
[0m[[0m[33mwarn[0m] [0m[0m[33m-- Warning: /localhome/usrlocal-amd64-linux/scala/src/org.sanzo/potts/src/main/scala-3/BM.scala:466:0 [0m[0m
[0m[[0m[33mwarn[0m] [0m[0m[33m466 |[0m			cfor([31m0[0m)([36mj[0m => j < nSamples, [36mj[0m => j + [31m1[0m)( [36mj[0m => {[0m
[0m[[0m[33mwarn[0m] [0m[0m    |			[33m^[0m[0m
[0m[[0m[33mwarn[0m] [0m[0m    |Scala 2 macro cannot be used in Dotty, this call will crash at runtime. See https://dotty.epfl.ch/docs/reference/dropped-features/macros.html[0m
[0m[[0m[33mwarn[0m] [0m[0m[33m-- Warning: /localhome/usrlocal-amd64-linux/scala/src/org.sanzo/potts/src/main/scala-3/BM.scala:464:0 [0m[0m
[0m[[0m[33mwarn[0m] [0m[0m[33m464 |[0m		cfor([31m0[0m)([36mi[0m => i < nSamplings, [36mi[0m => i + [31m1[0m)( [36mi[0m => {[0m
[0m[[0m[33mwarn[0m] [0m[0m    |		[33m^[0m[0m
[0m[[0m[33mwarn[0m] [0m[0m    |Scala 2 macro cannot be used in Dotty, this call will crash at runtime. See https://dotty.epfl.ch/docs/reference/dropped-features/macros.html[0m
[0m[[0m[33mwarn[0m] [0m[0m[33m-- Warning: /localhome/usrlocal-amd64-linux/scala/src/org.sanzo/potts/src/main/scala-3/BM.scala:1055:0 [0m[0m
[0m[[0m[33mwarn[0m] [0m[0m[33m1055 |[0m			cfor([31m0[0m)([36mj[0m => j < i, [36mj[0m => j + [31m1[0m)( [36mj[0m => {[0m
[0m[[0m[33mwarn[0m] [0m[0m     |			[33m^[0m[0m
[0m[[0m[33mwarn[0m] [0m[0m     |Scala 2 macro cannot be used in Dotty, this call will crash at runtime. See https://dotty.epfl.ch/docs/reference/dropped-features/macros.html[0m
[0m[[0m[33mwarn[0m] [0m[0m[33m-- Warning: /localhome/usrlocal-amd64-linux/scala/src/org.sanzo/potts/src/main/scala-3/BM.scala:1054:0 [0m[0m
[0m[[0m[33mwarn[0m] [0m[0m[33m1054 |[0m		cfor([31m0[0m)([36mi[0m => i < nUnits, [36mi[0m => i + [31m1[0m)( [36mi[0m => {[0m
[0m[[0m[33mwarn[0m] [0m[0m     |		[33m^[0m[0m
[0m[[0m[33mwarn[0m] [0m[0m     |Scala 2 macro cannot be used in Dotty, this call will crash at runtime. See https://dotty.epfl.ch/docs/reference/dropped-features/macros.html[0m
[0m[[0m[33mwarn[0m] [0m[0mCanceling execution...[0m
[0m[[0m[33mwarn[0m] [0m[0m[33m-- Warning: /localhome/usrlocal-amd64-linux/scala/src/org.sanzo/potts/src/main/scala-3/BM.scala:2242:2 [0m[0m
[0m[[0m[33mwarn[0m] [0m[0m[33m2242 |[0m		  cfor([31m0[0m)( [36mj[0m => j < i, [36mj[0m => j + [31m1[0m)( [36mj[0m => {[0m
[0m[[0m[33mwarn[0m] [0m[0m     |		  [33m^[0m[0m
[0m[[0m[33mwarn[0m] [0m[0m     |Scala 2 macro cannot be used in Dotty, this call will crash at runtime. See https://dotty.epfl.ch/docs/reference/dropped-features/macros.html[0m
[0m[[0m[33mwarn[0m] [0m[0m[33m-- Warning: /localhome/usrlocal-amd64-linux/scala/src/org.sanzo/potts/src/main/scala-3/BM.scala:2241:0 [0m[0m
[0m[[0m[33mwarn[0m] [0m[0m[33m2241 |[0m		cfor([31m0[0m)( [36mi[0m => i < nUnits, [36mi[0m => i + [31m1[0m)( [36mi[0m => {[0m
[0m[[0m[33mwarn[0m] [0m[0m     |		[33m^[0m[0m
[0m[[0m[33mwarn[0m] [0m[0m     |Scala 2 macro cannot be used in Dotty, this call will crash at runtime. See https://dotty.epfl.ch/docs/reference/dropped-features/macros.html[0m
[0m[[0m[33mwarn[0m] [0m[0m[33m-- Warning: /localhome/usrlocal-amd64-linux/scala/src/org.sanzo/potts/src/main/scala-3/BM.scala:2342:2 [0m[0m
[0m[[0m[33mwarn[0m] [0m[0m[33m2342 |[0m		  cfor([31m0[0m)( [36mj[0m => j < i, [36mj[0m => j + [31m1[0m)( [36mj[0m => {[0m
[0m[[0m[33mwarn[0m] [0m[0m     |		  [33m^[0m[0m
[0m[[0m[33mwarn[0m] [0m[0m     |Scala 2 macro cannot be used in Dotty, this call will crash at runtime. See https://dotty.epfl.ch/docs/reference/dropped-features/macros.html[0m
[0m[[0m[33mwarn[0m] [0m[0m[33m-- Warning: /localhome/usrlocal-amd64-linux/scala/src/org.sanzo/potts/src/main/scala-3/BM.scala:2341:0 [0m[0m
[0m[[0m[33mwarn[0m] [0m[0m[33m2341 |[0m		cfor([31m0[0m)( [36mi[0m => i < nUnits, [36mi[0m => i + [31m1[0m)( [36mi[0m => {[0m
[0m[[0m[33mwarn[0m] [0m[0m     |		[33m^[0m[0m
[0m[[0m[33mwarn[0m] [0m[0m     |Scala 2 macro cannot be used in Dotty, this call will crash at runtime. See https://dotty.epfl.ch/docs/reference/dropped-features/macros.html[0m
[0m[[0m[33mwarn[0m] [0m[0m[33m-- Warning: /localhome/usrlocal-amd64-linux/scala/src/org.sanzo/potts/src/main/scala-3/BM.scala:2413:2 [0m[0m
[0m[[0m[33mwarn[0m] [0m[0m[33m2413 |[0m		  cfor([31m0[0m)( [36mj[0m => j < i, [36mj[0m => j + [31m1[0m)( [36mj[0m => {[0m
[0m[[0m[33mwarn[0m] [0m[0m     |		  [33m^[0m[0m
[0m[[0m[33mwarn[0m] [0m[0m     |Scala 2 macro cannot be used in Dotty, this call will crash at runtime. See https://dotty.epfl.ch/docs/reference/dropped-features/macros.html[0m
[0m[[0m[33mwarn[0m] [0m[0m[33m-- Warning: /localhome/usrlocal-amd64-linux/scala/src/org.sanzo/potts/src/main/scala-3/BM.scala:2412:0 [0m[0m
[0m[[0m[33mwarn[0m] [0m[0m[33m2412 |[0m		cfor([31m0[0m)( [36mi[0m => i < nUnits, [36mi[0m => i + [31m1[0m)( [36mi[0m => {[0m
[0m[[0m[33mwarn[0m] [0m[0m     |		[33m^[0m[0m
[0m[[0m[33mwarn[0m] [0m[0m     |Scala 2 macro cannot be used in Dotty, this call will crash at runtime. See https://dotty.epfl.ch/docs/reference/dropped-features/macros.html[0m
[0m[[0m[33mwarn[0m] [0m[0m[33m-- Warning: /localhome/usrlocal-amd64-linux/scala/src/org.sanzo/potts/src/main/scala-3/BM.scala:2475:2 [0m[0m
[0m[[0m[33mwarn[0m] [0m[0m[33m2475 |[0m		  cfor([31m0[0m)( [36mj[0m => j < i, [36mj[0m => j + [31m1[0m)( [36mj[0m => {[0m
[0m[[0m[33mwarn[0m] [0m[0m     |		  [33m^[0m[0m
[0m[[0m[33mwarn[0m] [0m[0m     |Scala 2 macro cannot be used in Dotty, this call will crash at runtime. See https://dotty.epfl.ch/docs/reference/dropped-features/macros.html[0m
[0m[[0m[33mwarn[0m] [0m[0m[33m-- Warning: /localhome/usrlocal-amd64-linux/scala/src/org.sanzo/potts/src/main/scala-3/BM.scala:2474:0 [0m[0m
[0m[[0m[33mwarn[0m] [0m[0m[33m2474 |[0m		cfor([31m0[0m)( [36mi[0m => i < nUnits, [36mi[0m => i + [31m1[0m)( [36mi[0m => {[0m
[0m[[0m[33mwarn[0m] [0m[0m     |		[33m^[0m[0m
[0m[[0m[33mwarn[0m] [0m[0m     |Scala 2 macro cannot be used in Dotty, this call will crash at runtime. See https://dotty.epfl.ch/docs/reference/dropped-features/macros.html[0m
[0m[[0m[33mwarn[0m] [0m[0mCanceling execution...[0m
[0m[[0m[33mwarn[0m] [0m[0mCanceling execution...[0m
[0m[[0m[33mwarn[0m] [0m[0mCanceling execution...[0m
[0m[[0m[33mwarn[0m] [0m[0mCanceling execution...[0m
[0m[[0m[33mwarn[0m] [0m[0mCanceling execution...[0m
[0m[[0m[33mwarn[0m] [0m[0m[33m-- Warning: /localhome/usrlocal-amd64-linux/scala/src/org.sanzo/potts/src/main/scala-3/BM.scala:4192:2 [0m[0m
[0m[[0m[33mwarn[0m] [0m[0m[33m4192 |[0m		  cfor([31m0[0m)( [36mj[0m => j < i, [36mj[0m => j + [31m1[0m)( [36mj[0m => {[0m
[0m[[0m[33mwarn[0m] [0m[0m     |		  [33m^[0m[0m
[0m[[0m[33mwarn[0m] [0m[0m     |Scala 2 macro cannot be used in Dotty, this call will crash at runtime. See https://dotty.epfl.ch/docs/reference/dropped-features/macros.html[0m
[0m[[0m[33mwarn[0m] [0m[0m[33m-- Warning: /localhome/usrlocal-amd64-linux/scala/src/org.sanzo/potts/src/main/scala-3/BM.scala:4191:0 [0m[0m
[0m[[0m[33mwarn[0m] [0m[0m[33m4191 |[0m		cfor([31m0[0m)( [36mi[0m => i < pia.size, [36mi[0m => i + [31m1[0m)( [36mi[0m => {[0m
[0m[[0m[33mwarn[0m] [0m[0m     |		[33m^[0m[0m
[0m[[0m[33mwarn[0m] [0m[0m     |Scala 2 macro cannot be used in Dotty, this call will crash at runtime. See https://dotty.epfl.ch/docs/reference/dropped-features/macros.html[0m
[0m[[0m[33mwarn[0m] [0m[0m23 warnings found[0m
[0m[[0m[31merror[0m] [0m[0mtwo errors found[0m
[0m[[0m[33mwarn[0m] [0m[0m23 warnings found[0m
[0m[[0m[31merror[0m] [0m[0mtwo errors found[0m
[0m[[0m[33mwarn[0m] [0m[0mCanceling execution...[0m
[0m[[0m[33mwarn[0m] [0m[0mCanceling execution...[0m
[0m[[0m[0minfo[0m] [0m[0mshutting down sbt server[0m
[0m[[0m[31merror[0m] [0m[0mCancelled: console[0m
[0m[[0m[31merror[0m] [0m[0mCancelled: console[0m
[0m[[0m[31merror[0m] [0m[0mUse 'last' for the full log.[0m
[0m[[0m[0mdebug[0m] [0m[0m> Exec(shell, None, None)[0m
[0m[[0m[0minfo[0m] [0m[0msbt server started at local:///home/usr0/miyazawa/.sbt/1.0/server/4795a340d37bceb91eac/sock[0m
