Pi 0 20 0.999362
Pi 1 20 0.900315
Pi 2 20 0.709484
Pi 3 20 0.517790
Pi 4 20 0.392150
Pi 5 20 0.290128
Pi 6 20 0.219182
Pi 7 20 0.158905
Pi 8 20 0.108694
Pi 9 20 0.0877752
Pi 10 20 0.0783246
Pi 11 20 0.0736919
Pi 12 20 0.0684217
Pi 13 20 0.0628812
Pi 14 20 0.0598940
Pi 15 20 0.0562536
Pi 16 20 0.0504341
Pi 17 20 0.0477312
Pi 18 20 0.0490660
Pi 19 20 0.0437155
Pi 20 20 0.0404718
Pi 21 20 0.0379844
Pi 22 20 0.0354637
Pi 23 20 0.0336598
Pi 24 20 0.0330327
Pi 25 20 0.0309456
Pi 26 20 0.0300273
Pi 27 20 0.0279396
Pi 28 20 0.0268501
Pi 29 20 0.0260395
Pi 30 20 0.0245314
Pi 31 20 0.0234188
Pi 32 20 0.0217386
Pi 33 20 0.0209045
Pi 34 20 0.0202594
Pi 35 20 0.0195144
Pi 36 20 0.0563540
Pi 37 20 0.0552746
Pi 38 20 0.0553080
Pi 39 20 0.0660267
Pi 40 20 0.0929097
Pi 41 20 0.137604
Pi 42 20 0.314554
Pi 43 20 0.358855
Pi 44 20 0.447402
Pi 45 20 0.460653
Pi 46 20 0.397091
Pi 47 20 0.0513825
Pi 48 20 0.0322999
Pi 49 20 0.0261496
Pi 50 20 0.0170720
Pi 51 20 0.0129470
Pi 52 20 0.0120587
Pi 53 20 0.0107976
Pi 54 20 0.0120920
Pi 55 20 0.0118251
Pi 56 20 0.0188350
Pi 57 20 0.0166940
Pi 58 20 0.0150933
Pi 59 20 0.0146880
Pi 60 20 0.0140428
Pi 61 20 0.0149878
Pi 62 20 0.0127626
Pi 63 20 0.0123225
Pi 64 20 0.0127977
Pi 65 20 0.0140325
Pi 66 20 0.0157957
Pi 67 20 0.0176531
Pi 68 20 0.0188891
Pi 69 20 0.0201125
Pi 70 20 0.0214956
Pi 71 20 0.0229013
Pi 72 20 0.0241770
Pi 73 20 0.0264190
Pi 74 20 0.0284576
Pi 75 20 0.0307742
Pi 76 20 0.0985343
Pi 77 20 0.0396152
Pi 78 20 0.0430375
Pi 79 20 0.0452345
Pi 80 20 0.0473650
Pi 81 20 0.0514860
Pi 82 20 0.0540198
Pi 83 20 0.0574007
Pi 84 20 0.0613693
Pi 85 20 0.0664059
Pi 86 20 0.0724847
Pi 87 20 0.0781619
Pi 88 20 0.0841830
Pi 89 20 0.104489
Pi 90 20 0.138535
Pi 91 20 0.193147
Pi 92 20 0.270380
Pi 93 20 0.463219
Pi 94 20 0.686781
Pi 95 20 0.897481
Pi 96 20 0.997682
