Pi 0 20 0.700220
Pi 1 20 0.588895
Pi 2 20 0.498305
Pi 3 20 0.448093
Pi 4 20 0.401190
Pi 5 20 0.258546
Pi 6 20 0.223220
Pi 7 20 0.189508
Pi 8 20 0.159209
Pi 9 20 0.146607
Pi 10 20 0.136333
Pi 11 20 0.133591
Pi 12 20 0.130189
Pi 13 20 0.127642
Pi 14 20 0.124435
Pi 15 20 0.128716
Pi 16 20 0.160980
Pi 17 20 0.166949
Pi 18 20 0.160956
Pi 19 20 0.274642
Pi 20 20 0.439448
Pi 21 20 0.692569
Pi 22 20 0.559454
Pi 23 20 0.489214
Pi 24 20 0.249868
Pi 25 20 0.0462138
Pi 26 20 0.0349042
Pi 27 20 0.0283665
Pi 28 20 0.0245798
Pi 29 20 0.0235105
Pi 30 20 0.0220889
Pi 31 20 0.0180156
Pi 32 20 0.0162172
Pi 33 20 0.0139958
Pi 34 20 0.0132164
Pi 35 20 0.0107739
Pi 36 20 0.0100268
Pi 37 20 0.00748044
Pi 38 20 0.00771881
Pi 39 20 0.00563054
Pi 40 20 0.00427178
Pi 41 20 0.0858340
Pi 42 20 0.521991
Pi 43 20 0.00350124
Pi 44 20 0.00175095
Pi 45 20 0.000668797
Pi 46 20 0.00117995
Pi 47 20 0.00138327
Pi 48 20 0.00162895
Pi 49 20 0.00160224
Pi 50 20 0.00205850
Pi 51 20 0.00269902
Pi 52 20 0.00619973
Pi 53 20 0.0100919
Pi 54 20 0.0111728
Pi 55 20 0.0123378
Pi 56 20 0.0135506
Pi 57 20 0.0150058
Pi 58 20 0.0178703
Pi 59 20 0.0221076
Pi 60 20 0.0263847
Pi 61 20 0.0605359
Pi 62 20 0.0614672
Pi 63 20 0.0489153
Pi 64 20 0.0511965
Pi 65 20 0.0556106
Pi 66 20 0.0626477
Pi 67 20 0.0678980
Pi 68 20 0.0758743
Pi 69 20 0.0817605
Pi 70 20 0.0873016
Pi 71 20 0.0998122
Pi 72 20 0.119763
Pi 73 20 0.178929
Pi 74 20 0.248622
Pi 75 20 0.209517
Pi 76 20 0.221345
Pi 77 20 0.241925
Pi 78 20 0.259991
Pi 79 20 0.313984
Pi 80 20 0.395228
